// Jest Snapshot v1, https://goo.gl/fbAQLP

exports[`renders 1`] = `
<div>
  <div
    style={
      Object {
        "marginBottom": 20,
      }
    }
  >
    <div
      style={
        Object {
          "marginBottom": 10,
        }
      }
    >
      <code>
        IconButton
      </code>
       with text:
    </div>
    <button>
      <img
        alt="icon"
        className="target-icon"
        src="target-icon.png"
      />
      Do Stuff
    </button>
  </div>
  <div
    style={
      Object {
        "marginBottom": 20,
      }
    }
  >
    <div
      style={
        Object {
          "marginBottom": 10,
        }
      }
    >
      <code>
        IconButton
      </code>
       with no text:
    </div>
    <button>
      <img
        alt="icon"
        className="target-icon"
        src="target-icon.png"
      />
    </button>
  </div>
  <div>
    <div
      style={
        Object {
          "marginBottom": 10,
        }
      }
    >
      <code>
        Nav
      </code>
       with a few items:
    </div>
    <div
      className="nav"
    >
      <a
        href="https://google.com"
      >
        Google
      </a>
      <span
        className="separator"
      >
        |
      </span>
      <a
        href="https://slack.com"
      >
        Slack
      </a>
    </div>
  </div>
</div>
`;
